// Jest Snapshot v1, https://goo.gl/fbAQLP

exports[`ssr correctly load two lazy-loaded SVGs 1`] = `
"<!doctype html>
<html data-n-head-ssr data-n-head=\\"\\">
  <head data-n-head=\\"\\">
    <title data-n-head=\\"true\\"></title><style data-vue-ssr-id=\\"17cfdfa9:0\\">.nuxt-progress{position:fixed;top:0;left:0;right:0;height:2px;width:0;opacity:1;transition:width .1s,opacity .4s;background-color:#000;z-index:999999}.nuxt-progress.nuxt-progress-notransition{transition:none}.nuxt-progress-failed{background-color:red}</style>
  </head>
  <body data-n-head=\\"\\">
    <div data-server-rendered=\\"true\\" id=\\"__nuxt\\"><!----><div id=\\"__layout\\"><div><svg xmlns=\\"http://www.w3.org/2000/svg\\" viewBox=\\"1 2 3 4\\" width=\\"100\\"><g id=\\"Nuxt_svg__nuxt\\"><path d=\\"M317.9 852H3.7l408.1-704 408.1 704H507.7\\" fill=\\"#41b883\\"></path><path d=\\"M779.8 852h216.5l-354-608.5-351 608.5h216.5\\" fill=\\"#328170\\"></path><path d=\\"M651.2 852h159.5L549.9 403.8 291.3 852h159.5\\" fill=\\"#35495e\\"></path></g></svg> <svg xmlns=\\"http://www.w3.org/2000/svg\\" viewBox=\\"0 0 1000 1000\\"><g id=\\"NuxtTwo_svg__nuxt\\"><path d=\\"M317.9 852H3.7l408.1-704 408.1 704H507.7\\" fill=\\"#41b883\\"></path><path d=\\"M779.8 852h216.5l-354-608.5-351 608.5h216.5\\" fill=\\"#328170\\"></path><path d=\\"M651.2 852h159.5L549.9 403.8 291.3 852h159.5\\" fill=\\"#35495e\\"></path></g></svg></div></div></div><script>window.__NUXT__={layout:\\"default\\",data:[{}],error:null,serverRendered:true};</script><script src=\\"/_nuxt/runtime.js\\" defer></script><script src=\\"/_nuxt/pages/two.js\\" defer></script><script src=\\"/_nuxt/6.js\\" defer></script><script src=\\"/_nuxt/commons.app.js\\" defer></script><script src=\\"/_nuxt/app.js\\" defer></script>
  </body>
</html>
"
`;

exports[`ssr honor custom build.extend function 1`] = `
"<!doctype html>
<html data-n-head-ssr data-n-head=\\"\\">
  <head data-n-head=\\"\\">
    <title data-n-head=\\"true\\"></title><style data-vue-ssr-id=\\"17cfdfa9:0\\">.nuxt-progress{position:fixed;top:0;left:0;right:0;height:2px;width:0;opacity:1;transition:width .1s,opacity .4s;background-color:#000;z-index:999999}.nuxt-progress.nuxt-progress-notransition{transition:none}.nuxt-progress-failed{background-color:red}</style>
  </head>
  <body data-n-head=\\"\\">
    <div data-server-rendered=\\"true\\" id=\\"__nuxt\\"><!----><div id=\\"__layout\\"><svg xmlns=\\"http://www.w3.org/2000/svg\\" viewBox=\\"1 2 3 4\\" width=\\"100\\"><g id=\\"Nuxt_svg__nuxt\\"><path d=\\"M317.9 852H3.7l408.1-704 408.1 704H507.7\\" fill=\\"#41b883\\"></path><path d=\\"M779.8 852h216.5l-354-608.5-351 608.5h216.5\\" fill=\\"#328170\\"></path><path d=\\"M651.2 852h159.5L549.9 403.8 291.3 852h159.5\\" fill=\\"#35495e\\"></path></g></svg></div></div><script>window.__NUXT__={layout:\\"default\\",data:[{}],error:null,serverRendered:true};</script><script src=\\"/_nuxt/runtime.js\\" defer></script><script src=\\"/_nuxt/pages/index.js\\" defer></script><script src=\\"/_nuxt/commons.app.js\\" defer></script><script src=\\"/_nuxt/app.js\\" defer></script>
  </body>
</html>
"
`;

exports[`ssr honor custom loader options 1`] = `
"<!doctype html>
<html data-n-head-ssr data-n-head=\\"\\">
  <head data-n-head=\\"\\">
    <title data-n-head=\\"true\\"></title><style data-vue-ssr-id=\\"17cfdfa9:0\\">.nuxt-progress{position:fixed;top:0;left:0;right:0;height:2px;width:0;opacity:1;transition:width .1s,opacity .4s;background-color:#000;z-index:999999}.nuxt-progress.nuxt-progress-notransition{transition:none}.nuxt-progress-failed{background-color:red}</style>
  </head>
  <body data-n-head=\\"\\">
    <div data-server-rendered=\\"true\\" id=\\"__nuxt\\"><!----><div id=\\"__layout\\"><svg xmlns=\\"http://www.w3.org/2000/svg\\" viewBox=\\"1 2 3 4\\" width=\\"100\\"><g id=\\"nuxt\\"><path d=\\"M317.9 852H3.7l408.1-704 408.1 704H507.7\\" fill=\\"#41b883\\"></path><path d=\\"M779.8 852h216.5l-354-608.5-351 608.5h216.5\\" fill=\\"#328170\\"></path><path d=\\"M651.2 852h159.5L549.9 403.8 291.3 852h159.5\\" fill=\\"#35495e\\"></path></g></svg></div></div><script>window.__NUXT__={layout:\\"default\\",data:[{}],error:null,serverRendered:true};</script><script src=\\"/_nuxt/runtime.js\\" defer></script><script src=\\"/_nuxt/pages/index.js\\" defer></script><script src=\\"/_nuxt/commons.app.js\\" defer></script><script src=\\"/_nuxt/app.js\\" defer></script>
  </body>
</html>
"
`;
